{
  "id": "1",
  "firstName": "Nikola",
  "lastName": "Tesla",
  "dateOfBirth": "1856-07-10"
}