{
  "id": 1,
  "veiculo": "string",
  "marca": "string",
  "ano": 2021,
  "descricao": "string",
  "vendido": false,
  "created": "2021-09-18T00:00:00",
  "updated": "2021-09-18T00:00:00"
}